

X.Org X Server 1.21.1.16
X Protocol Version 11, Revision 0
Current Operating System: Linux box 6.12.94+deb13-amd64 #1 SMP PREEMPT_DYNAMIC Debian 6.12.94-1 (2026-06-20) x86_64
Kernel command line: BOOT_IMAGE=/boot/vmlinuz-6.12.94+deb13-amd64 root=UUID=2b4a72aa-dd1b-4018-917e-b4a267138d2a ro quiet
xorg-server 2:21.1.16-1.3+deb13u2 (https://www.debian.org/support)
Current version of pixman: 0.44.0
	Before reporting problems, check http://wiki.x.org
	to make sure that you have the latest version.
Markers: (--) probed, (**) from config file, (==) default setting,
	(++) from command line, (!!) notice, (II) informational,
	(WW) warning, (EE) error, (NI) not implemented, (??) unknown.
(==) Log file: "/home/khang/.local/share/xorg/Xorg.0.log", Time: Sun Jul  5 20:49:20 2026
(==) Using system config directory "/usr/share/X11/xorg.conf.d"
xf86EnableIO: failed to enable I/O ports 0000-03ff (Operation not permitted)
info: ----------------------------------------------------------------------
info: Started execution of kopiwm
info: ----------------------------------------------------------------------
info: Initialized a monitor!
info: Create bar window(4194318): (x=0, y=0, w=1920, h=20)
info: Focusing a client...
info: No focus target found.
info: ----------------------------------------------------------------------
info: Starting event loop
info: ----------------------------------------------------------------------
info: view with bitmask: 10
info: Focusing a client...
info: No focus target found.
ATTENTION: default value of option mesa_glthread overridden by environment.
info: Start managing window 8388611 (mapRequest)
info: Created client client.Client@7fc52f780000
info: showHide called on client.Client@7fc52f780000 (show)
info: tile with 1 clients, with mw=1920
debug: n=1, i=0, ty=0, my=0
info: Focusing a client...
info: Focusing client @ client.Client@7fc52f780000
info: view with bitmask: 1
info: Focusing a client...
info: No focus target found.
info: showHide called on client.Client@7fc52f780000 (hide)
[0.030] Could not find included config file: /home/khang/.config/kitty/boilerplate.conf, ignoring
[0.030] Could not find included config file: /home/khang/.config/kitty/math_symbols.conf, ignoring
info: Start managing window 12582926 (mapRequest)
info: Created client client.Client@7fc52f780200
info: showHide called on client.Client@7fc52f780200 (show)
info: showHide called on client.Client@7fc52f780000 (hide)
info: tile with 1 clients, with mw=1920
debug: n=1, i=0, ty=0, my=0
info: Focusing a client...
info: Focusing client @ client.Client@7fc52f780200
[0.154] [glfw error 65544]: process_desktop_settings: failed with error: [org.freedesktop.DBus.Error.UnknownMethod] No such interface “org.freedesktop.portal.Settings” on object at path /org/freedesktop/portal/desktop
[0.154] [glfw error 65544]: Notify: Failed to get server capabilities error: [org.freedesktop.DBus.Error.ServiceUnknown] The name org.freedesktop.Notifications was not provided by any .service files
info: view with bitmask: 10
info: Focusing a client...
info: Focusing client @ client.Client@7fc52f780000
info: Unfocusing client at: client.Client@7fc52f780200
info: showHide called on client.Client@7fc52f780000 (show)
info: showHide called on client.Client@7fc52f780200 (hide)
info: tile with 1 clients, with mw=1920
debug: n=1, i=0, ty=0, my=0
info: view with bitmask: 1
info: Focusing a client...
info: Focusing client @ client.Client@7fc52f780200
info: Unfocusing client at: client.Client@7fc52f780000
info: showHide called on client.Client@7fc52f780200 (show)
info: showHide called on client.Client@7fc52f780000 (hide)
info: tile with 1 clients, with mw=1920
debug: n=1, i=0, ty=0, my=0
info: view with bitmask: 10
info: Focusing a client...
info: Focusing client @ client.Client@7fc52f780000
info: Unfocusing client at: client.Client@7fc52f780200
info: showHide called on client.Client@7fc52f780000 (show)
info: showHide called on client.Client@7fc52f780200 (hide)
info: tile with 1 clients, with mw=1920
debug: n=1, i=0, ty=0, my=0
info: view with bitmask: 1
info: Focusing a client...
info: Focusing client @ client.Client@7fc52f780200
info: Unfocusing client at: client.Client@7fc52f780000
info: showHide called on client.Client@7fc52f780200 (show)
info: showHide called on client.Client@7fc52f780000 (hide)
info: tile with 1 clients, with mw=1920
debug: n=1, i=0, ty=0, my=0
info: view with bitmask: 10
info: Focusing a client...
info: Focusing client @ client.Client@7fc52f780000
info: Unfocusing client at: client.Client@7fc52f780200
info: showHide called on client.Client@7fc52f780000 (show)
info: showHide called on client.Client@7fc52f780200 (hide)
info: tile with 1 clients, with mw=1920
debug: n=1, i=0, ty=0, my=0
info: view with bitmask: 1
info: Focusing a client...
info: Focusing client @ client.Client@7fc52f780200
info: Unfocusing client at: client.Client@7fc52f780000
info: showHide called on client.Client@7fc52f780200 (show)
info: showHide called on client.Client@7fc52f780000 (hide)
info: tile with 1 clients, with mw=1920
debug: n=1, i=0, ty=0, my=0
info: view with bitmask: 10
info: Focusing a client...
info: Focusing client @ client.Client@7fc52f780000
info: Unfocusing client at: client.Client@7fc52f780200
info: showHide called on client.Client@7fc52f780000 (show)
info: showHide called on client.Client@7fc52f780200 (hide)
info: tile with 1 clients, with mw=1920
debug: n=1, i=0, ty=0, my=0
info: view with bitmask: 1
info: Focusing a client...
info: Focusing client @ client.Client@7fc52f780200
info: Unfocusing client at: client.Client@7fc52f780000
info: showHide called on client.Client@7fc52f780200 (show)
info: showHide called on client.Client@7fc52f780000 (hide)
info: tile with 1 clients, with mw=1920
debug: n=1, i=0, ty=0, my=0
[74.359] [PARSE ERROR] Escape codes to resize text area are not supported
[74.438] [PARSE ERROR] Escape codes to resize text area are not supported
info: view with bitmask: 10
info: Focusing a client...
info: Focusing client @ client.Client@7fc52f780000
info: Unfocusing client at: client.Client@7fc52f780200
info: showHide called on client.Client@7fc52f780000 (show)
info: showHide called on client.Client@7fc52f780200 (hide)
info: tile with 1 clients, with mw=1920
debug: n=1, i=0, ty=0, my=0
info: view with bitmask: 1
info: Focusing a client...
info: Focusing client @ client.Client@7fc52f780200
info: Unfocusing client at: client.Client@7fc52f780000
info: showHide called on client.Client@7fc52f780200 (show)
info: showHide called on client.Client@7fc52f780000 (hide)
info: tile with 1 clients, with mw=1920
debug: n=1, i=0, ty=0, my=0
info: view with bitmask: 10
info: Focusing a client...
info: Focusing client @ client.Client@7fc52f780000
info: Unfocusing client at: client.Client@7fc52f780200
info: showHide called on client.Client@7fc52f780000 (show)
info: showHide called on client.Client@7fc52f780200 (hide)
info: tile with 1 clients, with mw=1920
debug: n=1, i=0, ty=0, my=0
info: view with bitmask: 1
info: Focusing a client...
info: Focusing client @ client.Client@7fc52f780200
info: Unfocusing client at: client.Client@7fc52f780000
info: showHide called on client.Client@7fc52f780200 (show)
info: showHide called on client.Client@7fc52f780000 (hide)
info: tile with 1 clients, with mw=1920
debug: n=1, i=0, ty=0, my=0
info: view with bitmask: 10
info: Focusing a client...
info: Focusing client @ client.Client@7fc52f780000
info: Unfocusing client at: client.Client@7fc52f780200
info: showHide called on client.Client@7fc52f780000 (show)
info: showHide called on client.Client@7fc52f780200 (hide)
info: tile with 1 clients, with mw=1920
debug: n=1, i=0, ty=0, my=0
info: view with bitmask: 1
info: Focusing a client...
info: Focusing client @ client.Client@7fc52f780200
info: Unfocusing client at: client.Client@7fc52f780000
info: showHide called on client.Client@7fc52f780200 (show)
info: showHide called on client.Client@7fc52f780000 (hide)
info: tile with 1 clients, with mw=1920
debug: n=1, i=0, ty=0, my=0
[892.394] [PARSE ERROR] Escape codes to resize text area are not supported
[892.394] [PARSE ERROR] Escape codes to resize text area are not supported
info: view with bitmask: 10
info: Focusing a client...
info: Focusing client @ client.Client@7fc52f780000
info: Unfocusing client at: client.Client@7fc52f780200
info: showHide called on client.Client@7fc52f780000 (show)
info: showHide called on client.Client@7fc52f780200 (hide)
info: tile with 1 clients, with mw=1920
debug: n=1, i=0, ty=0, my=0
info: view with bitmask: 1
info: Focusing a client...
info: Focusing client @ client.Client@7fc52f780200
info: Unfocusing client at: client.Client@7fc52f780000
info: showHide called on client.Client@7fc52f780200 (show)
info: showHide called on client.Client@7fc52f780000 (hide)
info: tile with 1 clients, with mw=1920
debug: n=1, i=0, ty=0, my=0
info: view with bitmask: 10
info: Focusing a client...
info: Focusing client @ client.Client@7fc52f780000
info: Unfocusing client at: client.Client@7fc52f780200
info: showHide called on client.Client@7fc52f780000 (show)
info: showHide called on client.Client@7fc52f780200 (hide)
info: tile with 1 clients, with mw=1920
debug: n=1, i=0, ty=0, my=0
info: view with bitmask: 1
info: Focusing a client...
info: Focusing client @ client.Client@7fc52f780200
info: Unfocusing client at: client.Client@7fc52f780000
info: showHide called on client.Client@7fc52f780200 (show)
info: showHide called on client.Client@7fc52f780000 (hide)
info: tile with 1 clients, with mw=1920
debug: n=1, i=0, ty=0, my=0
[1026.348] [PARSE ERROR] Escape codes to resize text area are not supported
info: view with bitmask: 10
info: Focusing a client...
info: Focusing client @ client.Client@7fc52f780000
info: Unfocusing client at: client.Client@7fc52f780200
info: showHide called on client.Client@7fc52f780000 (show)
info: showHide called on client.Client@7fc52f780200 (hide)
info: tile with 1 clients, with mw=1920
debug: n=1, i=0, ty=0, my=0
info: view with bitmask: 100
info: Focusing a client...
info: No focus target found.
info: showHide called on client.Client@7fc52f780000 (hide)
info: showHide called on client.Client@7fc52f780200 (hide)
Call to org.freedesktop.portal.Settings.ReadAll failed QDBusError("org.freedesktop.DBus.Error.UnknownMethod", "No such interface “org.freedesktop.portal.Settings” on object at path /org/freedesktop/portal/desktop")
qt.qpa.theme.gnome: dbus reply error: [ "org.freedesktop.DBus.Error.UnknownMethod" ] "No such interface “org.freedesktop.portal.Settings” on object at path /org/freedesktop/portal/desktop"
qt.qpa.theme.gnome: dbus reply error: [ "org.freedesktop.DBus.Error.UnknownMethod" ] "No such interface “org.freedesktop.portal.Settings” on object at path /org/freedesktop/portal/desktop"
Call for getting org.freedesktop.portal.FileChooser version failed QDBusError("org.freedesktop.DBus.Error.InvalidArgs", "No such interface “org.freedesktop.portal.FileChooser”")
info: Start managing window 14680091 (mapRequest)
info: Created client client.Client@7fc52f780400
info: showHide called on client.Client@7fc52f780400 (show)
info: showHide called on client.Client@7fc52f780000 (hide)
info: showHide called on client.Client@7fc52f780200 (hide)
info: tile with 1 clients, with mw=1920
debug: n=1, i=0, ty=0, my=0
info: Focusing a client...
info: Focusing client @ client.Client@7fc52f780400
General protection exception (no address available)
/home/khang/mono/code/tools/kopiwm/src/font.zig:173:41: 0x1192400 in getFontThatHasChar (main.zig)
        return X.XftCharExists(dpy, self.xfont, @intCast(codepoint));
                                        ^
/home/khang/mono/code/tools/kopiwm/src/drw.zig:244:45: 0x117de51 in drawText (main.zig)
                if (fonts.getFontThatHasChar(utf8.codepoint)) |font| {
                                            ^
/home/khang/mono/code/tools/kopiwm/src/monitor.zig:225:39: 0x116cce8 in drawbar (main.zig)
                _ = try z.drw.drawText(allocator, z.fonts, r, z.lrpad / 2, name, 0);
                                      ^
/home/khang/mono/code/tools/kopiwm/src/main.zig:571:38: 0x118ae0e in propertyNotify (main.zig)
                    try c.mon.drawbar(allocator, z);
                                     ^
/home/khang/mono/code/tools/kopiwm/src/main.zig:181:49: 0x11743b4 in runOne (main.zig)
        X.PropertyNotify => try R.propertyNotify(z, alloc, &ev.xproperty),
                                                ^
/home/khang/mono/code/tools/kopiwm/src/main.zig:163:19: 0x115fdb7 in run (main.zig)
        try runOne(z, allocator, &ev);
                  ^
/home/khang/mono/code/tools/kopiwm/src/main.zig:1230:12: 0x1156a5f in main (main.zig)
    try run(&z, allocator);
           ^
/home/khang/.local/zig/lib/std/start.zig:627:37: 0x1158fb1 in main (std.zig)
            const result = root.main() catch |err| {
                                    ^
???:?:?: 0x7fc53003bca7 in ??? (libc.so.6)
Unwind information for `libc.so.6:0x7fc53003bca7` was not available, trace may be incomplete

xinit: connection to X server lost

waiting for X server to shut down XIO:  fatal IO error 0 (Success) on X server ":0"
      after 70465 requests (70465 known processed) with 0 events remaining.
The X11 connection broke (error 1). Did the X11 server die?
(II) Server terminated successfully (0). Closing log file.

Exiting due to channel error.
Exiting due to channel error.
Exiting due to channel error.
Exiting due to channel error.
Exiting due to channel error.
Exiting due to channel error.
Exiting due to channel error.
Exiting due to channel error.
Exiting due to channel error.
Exiting due to channel error.
Exiting due to channel error.
Exiting due to channel error.